log message_
